// Jest Snapshot v1, https://goo.gl/fbAQLP

exports[`Hello Component should render 1`] = `true`;
